// Jest Snapshot v1, https://goo.gl/fbAQLP

exports[`cobertura de autorización la matriz efectiva no cambió sin querer 1`] = `
[
  "GET    /asignaciones                                 ADMINISTRADOR,COORDINADOR,AUDITOR",
  "POST   /asignaciones                                 ADMINISTRADOR,COORDINADOR",
  "PATCH  /asignaciones/:id/revocar                     ADMINISTRADOR,COORDINADOR",
  "POST   /asignaciones/recalcular/:usuarioId           ADMINISTRADOR,COORDINADOR",
  "GET    /audit-log                                    ADMINISTRADOR,AUDITOR",
  "GET    /auth/me                                      ADMINISTRADOR,COORDINADOR,AUDITOR",
  "GET    /bases-conocimiento                           ADMINISTRADOR,COORDINADOR,AUDITOR",
  "POST   /bases-conocimiento                           ADMINISTRADOR",
  "GET    /bases-conocimiento/:id                       ADMINISTRADOR,COORDINADOR,AUDITOR",
  "PATCH  /bases-conocimiento/:id                       ADMINISTRADOR",
  "POST   /bases-conocimiento/:id/niveles               ADMINISTRADOR",
  "DELETE /bases-conocimiento/:id/niveles/:nivelId      ADMINISTRADOR",
  "PATCH  /bases-conocimiento/:id/niveles/:nivelId      ADMINISTRADOR",
  "PUT    /bases-conocimiento/:id/niveles/orden         ADMINISTRADOR",
  "GET    /centros-costo                                ADMINISTRADOR,COORDINADOR,AUDITOR",
  "POST   /centros-costo                                ADMINISTRADOR,COORDINADOR",
  "PATCH  /centros-costo/:id                            ADMINISTRADOR,COORDINADOR",
  "GET    /estadisticas/invitados                       ADMINISTRADOR,COORDINADOR,AUDITOR",
  "GET    /estadisticas/sima-check                      ADMINISTRADOR,COORDINADOR,AUDITOR",
  "GET    /health                                       PUBLIC",
  "POST   /import/preguntas/confirm                     ADMINISTRADOR",
  "POST   /import/preguntas/preview                     ADMINISTRADOR",
  "POST   /import/usuarios/confirm                      ADMINISTRADOR,COORDINADOR",
  "POST   /import/usuarios/preview                      ADMINISTRADOR,COORDINADOR",
  "GET    /modulos                                      ADMINISTRADOR,COORDINADOR,AUDITOR",
  "POST   /modulos                                      ADMINISTRADOR",
  "GET    /modulos/:id                                  ADMINISTRADOR,COORDINADOR,AUDITOR",
  "PATCH  /modulos/:id                                  ADMINISTRADOR",
  "PATCH  /modulos/:id/activar                          ADMINISTRADOR",
  "DELETE /modulos/:id/borrador                         ADMINISTRADOR",
  "PUT    /modulos/:id/criterios                        ADMINISTRADOR",
  "PUT    /modulos/:id/parametros                       ADMINISTRADOR",
  "POST   /modulos/:id/preguntas                        ADMINISTRADOR",
  "DELETE /modulos/:id/preguntas/:preguntaId            ADMINISTRADOR",
  "PATCH  /modulos/:id/preguntas/:preguntaId            ADMINISTRADOR",
  "GET    /modulos/:id/versiones                        ADMINISTRADOR,COORDINADOR,AUDITOR",
  "POST   /modulos/:id/versiones                        ADMINISTRADOR",
  "GET    /modulos/:id/versiones/:versionId             ADMINISTRADOR,COORDINADOR,AUDITOR",
  "GET    /organizaciones                               ADMINISTRADOR,COORDINADOR,AUDITOR",
  "POST   /organizaciones                               ADMINISTRADOR",
  "GET    /organizaciones/:id                           ADMINISTRADOR,COORDINADOR,AUDITOR",
  "PATCH  /organizaciones/:id                           ADMINISTRADOR",
  "GET    /preguntas                                    ADMINISTRADOR,COORDINADOR,AUDITOR",
  "POST   /preguntas                                    ADMINISTRADOR",
  "GET    /preguntas/:id                                ADMINISTRADOR,COORDINADOR,AUDITOR",
  "PATCH  /preguntas/:id                                ADMINISTRADOR",
  "POST   /preguntas/imagen                             ADMINISTRADOR",
  "DELETE /preguntas/imagen/:clave                      ADMINISTRADOR",
  "GET    /puestos                                      ADMINISTRADOR,COORDINADOR,AUDITOR",
  "POST   /puestos                                      ADMINISTRADOR,COORDINADOR",
  "PATCH  /puestos/:id                                  ADMINISTRADOR,COORDINADOR",
  "GET    /reglas-asignacion                            ADMINISTRADOR,COORDINADOR,AUDITOR",
  "POST   /reglas-asignacion                            ADMINISTRADOR,COORDINADOR",
  "DELETE /reglas-asignacion/:id                        ADMINISTRADOR,COORDINADOR",
  "PATCH  /reglas-asignacion/:id                        ADMINISTRADOR,COORDINADOR",
  "GET    /resumen/sima-check                           ADMINISTRADOR,COORDINADOR,AUDITOR",
  "GET    /sesiones/:id                                 ADMINISTRADOR,COORDINADOR,AUDITOR",
  "POST   /tablet/invitado                              PUBLIC",
  "GET    /tablet/invitado/modulos                      PUBLIC",
  "GET    /tablet/invitado/modulos/:moduloId/examen     PUBLIC",
  "POST   /tablet/invitado/sesiones                     PUBLIC",
  "POST   /tablet/login                                 PUBLIC",
  "GET    /tablet/modulos/:moduloId/examen              PUBLIC",
  "GET    /tablet/pendientes                            PUBLIC",
  "POST   /tablet/sesiones                              PUBLIC",
  "GET    /uploads/*clave                               PUBLIC",
  "GET    /usuarios                                     ADMINISTRADOR,COORDINADOR,AUDITOR",
  "POST   /usuarios                                     ADMINISTRADOR",
  "DELETE /usuarios/:id                                 ADMINISTRADOR,COORDINADOR",
  "GET    /usuarios/:id                                 ADMINISTRADOR,COORDINADOR,AUDITOR",
  "PATCH  /usuarios/:id                                 ADMINISTRADOR,COORDINADOR",
  "GET    /usuarios/:id/audit-log                       ADMINISTRADOR,COORDINADOR,AUDITOR",
  "GET    /usuarios/:id/informe                         ADMINISTRADOR,COORDINADOR,AUDITOR",
]
`;
